// Jest Snapshot v1, https://goo.gl/fbAQLP

exports[`INGParser should maintain consistent parsing behavior 1`] = `[]`;
